** Drc report for C:\Users\domin\GitHubRepo\Insequor\1.0\Moon60\PCB\KiCad\moon60NOi2c\insequor58≈Moon60NOi2c.kicad_pcb **
** Created on 2023-02-13 20:51:19 **

** Found 0 DRC violations **

** Found 30 unconnected pads **
[unconnected_items]: Nieprawidłowe połączenie pomiędzy elementami
    Local override; Severity: error
    @(222,1500 mm, 152,4400 mm): Ścieżka [P6] na F.Cu, długość 2,1600 mm
    @(220,8126 mm, 154,2901 mm): Ścieżka [P6] na F.Cu, długość 8,0915 mm
[unconnected_items]: Nieprawidłowe połączenie pomiędzy elementami
    Local override; Severity: error
    @(141,6850 mm, 147,9750 mm): Ścieżka [P6] na B.Cu, długość 6,3145 mm
    @(144,8542 mm, 154,3491 mm): Ścieżka [P6] na F.Cu, długość 8,2301 mm
[unconnected_items]: Nieprawidłowe połączenie pomiędzy elementami
    Local override; Severity: error
    @(139,2350 mm, 147,1900 mm): Ścieżka [P6] na F.Cu, długość 2,2231 mm
    @(141,6850 mm, 147,1900 mm): Ścieżka [P6] na B.Cu, długość 0,7850 mm
[unconnected_items]: Nieprawidłowe połączenie pomiędzy elementami
    Local override; Severity: error
    @(205,3100 mm, 145,4400 mm): Ścieżka [P6] na B.Cu, długość 2,1600 mm
    @(201,5814 mm, 147,3624 mm): Ścieżka [P6] na F.Cu, długość 7,8698 mm
[unconnected_items]: Nieprawidłowe połączenie pomiędzy elementami
    Local override; Severity: error
    @(186,3100 mm, 138,4400 mm): Ścieżka [P6] na B.Cu, długość 2,1600 mm
    @(181,5190 mm, 140,2131 mm): Ścieżka [P6] na F.Cu, długość 9,0337 mm
[unconnected_items]: Nieprawidłowe połączenie pomiędzy elementami
    Local override; Severity: error
    @(178,5816 mm, 143,1504 mm): Ścieżka [P6] na F.Cu, długość 4,1540 mm
    @(177,2350 mm, 140,1900 mm): Ścieżka [P6] na F.Cu, długość 2,2099 mm
[unconnected_items]: Nieprawidłowe połączenie pomiędzy elementami
    Local override; Severity: error
    @(203,1500 mm, 126,4400 mm): Ścieżka [P5] na F.Cu, długość 2,1600 mm
    @(201,7982 mm, 128,2188 mm): Ścieżka [P5] na F.Cu, długość 7,5650 mm
[unconnected_items]: Nieprawidłowe połączenie pomiędzy elementami
    Local override; Severity: error
    @(221,0017 mm, 135,4513 mm): Ścieżka [P5] na F.Cu, długość 7,7313 mm
    @(217,6850 mm, 128,9750 mm): Ścieżka [P5] na B.Cu, długość 6,3145 mm
[unconnected_items]: Nieprawidłowe połączenie pomiędzy elementami
    Local override; Severity: error
    @(144,9929 mm, 135,4698 mm): Ścieżka [P5] na F.Cu, długość 8,0915 mm
    @(141,6850 mm, 128,9750 mm): Ścieżka [P5] na B.Cu, długość 6,3145 mm
[unconnected_items]: Nieprawidłowe połączenie pomiędzy elementami
    Local override; Severity: error
    @(139,2350 mm, 128,1900 mm): Ścieżka [P5] na F.Cu, długość 0,3846 mm
    @(141,6850 mm, 128,1900 mm): Ścieżka [P5] na B.Cu, długość 2,7075 mm
[unconnected_items]: Nieprawidłowe połączenie pomiędzy elementami
    Local override; Severity: error
    @(179,6850 mm, 114,9750 mm): Ścieżka [P5] na B.Cu, długość 6,3145 mm
    @(181,5972 mm, 121,1526 mm): Ścieżka [P5] na F.Cu, długość 9,4770 mm
[unconnected_items]: Nieprawidłowe połączenie pomiędzy elementami
    Local override; Severity: error
    @(162,5600 mm, 128,3020 mm): Ścieżka [P5] na F.Cu, długość 9,1445 mm
    @(160,6850 mm, 121,9750 mm): Ścieżka [P5] na B.Cu, długość 6,3145 mm
[unconnected_items]: Nieprawidłowe połączenie pomiędzy elementami
    Local override; Severity: error
    @(139,2350 mm, 109,1900 mm): Ścieżka [P4] na F.Cu, długość 0,2397 mm
    @(141,6850 mm, 109,1900 mm): Ścieżka [P4] na B.Cu, długość 0,7850 mm
[unconnected_items]: Nieprawidłowe połączenie pomiędzy elementami
    Local override; Severity: error
    @(201,8297 mm, 109,6184 mm): Ścieżka [P4] na F.Cu, długość 7,3710 mm
    @(203,1500 mm, 107,4400 mm): Ścieżka [P4] na B.Cu, długość 6,3145 mm
[unconnected_items]: Nieprawidłowe połączenie pomiędzy elementami
    Local override; Severity: error
    @(146,1500 mm, 114,4400 mm): Ścieżka [P4] na F.Cu, długość 2,1600 mm
    @(144,1916 mm, 116,2135 mm): Ścieżka [P4] na F.Cu, długość 8,7011 mm
[unconnected_items]: Nieprawidłowe połączenie pomiędzy elementami
    Local override; Severity: error
    @(162,9794 mm, 109,2304 mm): Ścieżka [P4] na F.Cu, długość 8,0002 mm
    @(165,1500 mm, 107,4400 mm): Ścieżka [P4] na B.Cu, długość 2,1600 mm
[unconnected_items]: Nieprawidłowe połączenie pomiędzy elementami
    Local override; Severity: error
    @(181,8226 mm, 102,1919 mm): Ścieżka [P4] na F.Cu, długość 9,1445 mm
    @(184,1500 mm, 100,4400 mm): Ścieżka [P4] na F.Cu, długość 2,1600 mm
[unconnected_items]: Nieprawidłowe połączenie pomiędzy elementami
    Local override; Severity: error
    @(219,4881 mm, 116,1581 mm): Ścieżka [P4] na F.Cu, długość 9,2763 mm
    @(217,6850 mm, 109,9750 mm): Ścieżka [P4] na B.Cu, długość 6,3145 mm
[unconnected_items]: Nieprawidłowe połączenie pomiędzy elementami
    Local override; Severity: error
    @(164,5046 mm, 166,0948 mm): Ścieżka [P7] na F.Cu, długość 6,6106 mm
    @(165,1500 mm, 164,4400 mm): Pole lutownicze z otworem na wylot 1 [P7] z D9
[unconnected_items]: Nieprawidłowe połączenie pomiędzy elementami
    Local override; Severity: error
    @(179,6850 mm, 152,9750 mm): Ścieżka [P7] na B.Cu, długość 6,3145 mm
    @(183,5695 mm, 159,1671 mm): Ścieżka [P7] na F.Cu, długość 6,6505 mm
[unconnected_items]: Nieprawidłowe połączenie pomiędzy elementami
    Local override; Severity: error
    @(222,1500 mm, 171,4400 mm): Pole lutownicze z otworem na wylot 1 [P7] z D21
    @(221,0343 mm, 173,1333 mm): Ścieżka [P7] na F.Cu, długość 7,8144 mm
[unconnected_items]: Nieprawidłowe połączenie pomiędzy elementami
    Local override; Severity: error
    @(203,1500 mm, 164,4400 mm): Pole lutownicze z otworem na wylot 1 [P7] z D17
    @(202,0248 mm, 166,2610 mm): Ścieżka [P7] na F.Cu, długość 6,9242 mm
[unconnected_items]: Nieprawidłowe połączenie pomiędzy elementami
    Local override; Severity: error
    @(144,9964 mm, 173,5212 mm): Ścieżka [P7] na F.Cu, długość 7,5927 mm
    @(146,1500 mm, 171,4400 mm): Pole lutownicze z otworem na wylot 1 [P7] z D5
[unconnected_items]: Nieprawidłowe połączenie pomiędzy elementami
    Local override; Severity: error
    @(141,6850 mm, 166,1900 mm): Pole lutownicze 2 [P7] z S9 na B.Cu
    @(139,2350 mm, 166,1900 mm): Ścieżka [P7] na F.Cu, długość 1,7712 mm
[unconnected_items]: Nieprawidłowe połączenie pomiędzy elementami
    Local override; Severity: error
    @(236,6850 mm, 151,9750 mm): Ścieżka [P8] na B.Cu, długość 6,3145 mm
    @(240,2561 mm, 158,3667 mm): Ścieżka [P8] na F.Cu, długość 5,0358 mm
[unconnected_items]: Nieprawidłowe połączenie pomiędzy elementami
    Local override; Severity: error
    @(192,6850 mm, 179,9750 mm): Ścieżka [P8] na B.Cu, długość 6,3145 mm
    @(196,3718 mm, 186,4898 mm): Ścieżka [P8] na F.Cu, długość 7,7035 mm
[unconnected_items]: Nieprawidłowe połączenie pomiędzy elementami
    Local override; Severity: error
    @(211,6850 mm, 186,9750 mm): Ścieżka [P8] na B.Cu, długość 6,3145 mm
    @(214,6054 mm, 193,1403 mm): Ścieżka [P8] na F.Cu, długość 7,4643 mm
[unconnected_items]: Nieprawidłowe połączenie pomiędzy elementami
    Local override; Severity: error
    @(190,2350 mm, 176,7254 mm): Ścieżka [P8] na F.Cu, długość 2,4646 mm
    @(192,6850 mm, 179,1900 mm): Ścieżka [P8] na B.Cu, długość 2,1142 mm
[unconnected_items]: Nieprawidłowe połączenie pomiędzy elementami
    Local override; Severity: error
    @(238,7482 mm, 183,9866 mm): Ścieżka [P8] na B.Cu, długość 1,2910 mm
    @(242,6518 mm, 186,2941 mm): Ścieżka [P8] na F.Cu, długość 1,0448 mm
[unconnected_items]: Nieprawidłowe połączenie pomiędzy elementami
    Local override; Severity: error
    @(256,9519 mm, 198,3182 mm): Ścieżka [P8] na F.Cu, długość 0,2662 mm
    @(254,8307 mm, 195,5240 mm): Ścieżka [P8] na B.Cu, długość 0,2662 mm

** Found 0 Footprint errors **

** End of Report **
